// Jest Snapshot v1, https://goo.gl/fbAQLP

exports[`PokemonPic Component must match the snapshot 1`] = `
<div class="img-container"><img class="hidden" src="https://raw.githubusercontent.com/PokeAPI/sprites/master/sprites/pokemon/other/dream-world/150.svg" alt="Guess the hidden Pokémon">
  <!--v-if-->
</div>
`;

exports[`PokemonPic Component must show a hidden/black image and pokemon with ID 150 1`] = `
<div class="img-container"><img class="hidden" src="https://raw.githubusercontent.com/PokeAPI/sprites/master/sprites/pokemon/other/dream-world/150.svg" alt="Guess the hidden Pokémon">
  <!--v-if-->
</div>
`;
